openjdk version "17.0.20" 2026-07-21
OpenJDK Runtime Environment (build 17.0.20+8-1-24.04-Ubuntu)
OpenJDK 64-Bit Server VM (build 17.0.20+8-1-24.04-Ubuntu, mixed mode, sharing)
> Task :app:clean
> Task :app:preBuild UP-TO-DATE
> Task :app:preDebugBuild UP-TO-DATE
> Task :app:mergeDebugNativeDebugMetadata NO-SOURCE
> Task :app:checkKotlinGradlePluginConfigurationErrors
> Task :app:checkDebugAarMetadata
> Task :app:generateDebugResValues
> Task :app:mapDebugSourceSetPaths
> Task :app:generateDebugResources
> Task :app:packageDebugResources
> Task :app:createDebugCompatibleScreenManifests
> Task :app:extractDeepLinksDebug
> Task :app:parseDebugLocalResources
> Task :app:processDebugMainManifest
> Task :app:processDebugManifest
> Task :app:javaPreCompileDebug
> Task :app:mergeDebugShaders
> Task :app:processDebugManifestForPackage
> Task :app:compileDebugShaders NO-SOURCE
> Task :app:generateDebugAssets UP-TO-DATE
> Task :app:mergeDebugAssets
> Task :app:desugarDebugFileDependencies
> Task :app:mergeDebugJniLibFolders
> Task :app:mergeDebugNativeLibs NO-SOURCE
> Task :app:checkDebugDuplicateClasses
> Task :app:mergeLibDexDebug
> Task :app:stripDebugDebugSymbols NO-SOURCE
> Task :app:validateSigningDebug
> Task :app:writeDebugAppMetadata
> Task :app:writeDebugSigningConfigVersions
> Task :app:mergeDebugResources
> Task :app:processDebugResources
> Task :app:compressDebugAssets
> Task :app:mergeExtDexDebug

> Task :app:compileDebugKotlin
w: file:///home/pc/NurVPN/app/src/main/java/com/nurvpn/app/NurVPNAllInOne.kt:495:41 Condition 'it != null' is always 'true'
w: file:///home/pc/NurVPN/app/src/main/java/com/nurvpn/app/NurVPNAllInOne.kt:496:44 Condition 'it != null' is always 'true'
w: file:///home/pc/NurVPN/app/src/main/java/com/nurvpn/app/NurVPNAllInOne.kt:574:47 Unnecessary safe call on a non-null receiver of type MainActivity?
w: file:///home/pc/NurVPN/app/src/main/java/com/nurvpn/app/NurVPNAllInOne.kt:1112:24 Elvis operator (?:) always returns the left operand of non-nullable type List<AppInfo>
w: file:///home/pc/NurVPN/app/src/main/java/com/nurvpn/app/NurVPNCore.kt:191:47 Type mismatch: inferred type is Nothing? but String was expected
w: file:///home/pc/NurVPN/app/src/main/java/com/nurvpn/app/NurVPNCore.kt:193:51 Type mismatch: inferred type is Nothing? but String was expected
w: file:///home/pc/NurVPN/app/src/main/java/com/nurvpn/app/NurVPNCore.kt:416:46 Type mismatch: inferred type is Nothing? but String was expected
w: file:///home/pc/NurVPN/app/src/main/java/com/nurvpn/app/NurVPNCore.kt:417:54 Type mismatch: inferred type is Nothing? but String was expected
w: file:///home/pc/NurVPN/app/src/main/java/com/nurvpn/app/NurVPNCore.kt:418:52 Type mismatch: inferred type is Nothing? but String was expected
w: file:///home/pc/NurVPN/app/src/main/java/com/nurvpn/app/NurVPNCore.kt:953:39 Parameter 'dns' is never used
w: file:///home/pc/NurVPN/app/src/main/java/com/nurvpn/app/NurVPNCore.kt:1043:32 'startActivityForResult(Intent, Int): Unit' is deprecated. Deprecated in Java
w: file:///home/pc/NurVPN/app/src/main/java/com/nurvpn/app/NurVPNCore.kt:1278:26 Parameter 'conf' is never used

> Task :app:compileDebugJavaWithJavac NO-SOURCE
> Task :app:dexBuilderDebug
> Task :app:mergeDebugGlobalSynthetics
> Task :app:processDebugJavaRes
> Task :app:mergeProjectDexDebug
> Task :app:mergeDebugJavaResource
> Task :app:packageDebug
> Task :app:createDebugApkListingFileRedirect
> Task :app:assembleDebug

BUILD SUCCESSFUL in 42s
34 actionable tasks: 34 executed
